The formula
 ⊤
is enforceable and types to
 ⊤ : Cau
[Enforcer] @1 OK.
[Enforcer] @1 nothing to do proactively.
[Enforcer] @2 OK.
[Enforcer] @2 nothing to do proactively.
[Enforcer] @3 OK.